
> lifeline-frontend@1.0.0 build
> vite build

[36mvite v5.4.21 [32mbuilding for production...[36m[39m
npm : [baseline-browser-mapping] The data in this module is 
over two months old.  To ensure accurate Baseline data, 
please update: `npm i baseline-browser-mapping@latest -D`
At line:1 char:1
+ npm run build > build_output.txt 2>&1
+ ~~~~~~~~~~~~~~~~~~~~~~~~~~~~~~~~~~~~~
    + CategoryInfo          : NotSpecified: ([baseline-brow 
   s...ping@latest -D`:String) [], RemoteException
    + FullyQualifiedErrorId : NativeCommandError
 
transforming...
[32mΓ£ô[39m 1197 modules transformed.
[31mx[39m Build failed in 12.09s

PWA v0.17.5
mode      generateSW
precache  6 entries (10.26 KiB)
files generated
  dist\sw.js.map
  dist\sw.js
  dist\workbox-3f626378.js.map
  dist\workbox-3f626378.js
[31merror during build:
[31m[commonjs--resolver] Failed to resolve entry for 
package "vue-leaflet". The package may have incorrect 
main/module/exports specified in its package.json.[31m
    at packageEntryFailure (file:///C:/Git/LIFELINE-Pro/fron
tend/node_modules/vite/dist/node/chunks/dep-BK3b2jBa.js:4663
8:15)
    at resolvePackageEntry (file:///C:/Git/LIFELINE-Pro/fron
tend/node_modules/vite/dist/node/chunks/dep-BK3b2jBa.js:4663
5:3)
    at tryNodeResolve (file:///C:/Git/LIFELINE-Pro/frontend/
node_modules/vite/dist/node/chunks/dep-BK3b2jBa.js:46451:16)
    at Object.resolveId (file:///C:/Git/LIFELINE-Pro/fronten
d/node_modules/vite/dist/node/chunks/dep-BK3b2jBa.js:46201:1
9)
    at file:///C:/Git/LIFELINE-Pro/frontend/node_modules/rol
lup/dist/es/shared/node-entry.js:22451:40
    at async PluginDriver.hookFirstAndGetPlugin (file:///C:/
Git/LIFELINE-Pro/frontend/node_modules/rollup/dist/es/shared
/node-entry.js:22333:28)
    at async resolveId (file:///C:/Git/LIFELINE-Pro/frontend
/node_modules/rollup/dist/es/shared/node-entry.js:20809:26)
    at async ModuleLoader.resolveId (file:///C:/Git/LIFELINE
-Pro/frontend/node_modules/rollup/dist/es/shared/node-entry.
js:21246:15)
    at async Object.resolveId (file:///C:/Git/LIFELINE-Pro/f
rontend/node_modules/vite/dist/node/chunks/dep-BK3b2jBa.js:1
2834:10)
    at async PluginDriver.hookFirstAndGetPlugin (file:///C:/
Git/LIFELINE-Pro/frontend/node_modules/rollup/dist/es/shared
/node-entry.js:22333:28)[39m
